╔══════════════════════════════════════════════════╗
║   Aegis - Accessibility Testing Integration     ║
║   Selenium + axe-core Automated Scans           ║
╚══════════════════════════════════════════════════╝

🚀 Starting demo web app...
Demo app running at http://localhost:3000

🏠 HOMEPAGE TEST
────────────────────────────────────────
  → Navigating to homepage...
  ✓ Homepage loaded
  ✓ Hero heading found: "DevOps Demo UI..."
  ✓ Navigation links found: 4
  ✓ Feature cards found: 3
  → Clicking 'Book a demo' CTA...
  ✓ Navigated to contact page
  → Running accessibility scan...

==================================================
Accessibility Test Results
--------------------------------------------------
Page: /home
Scanned: 2026-03-11T17:53:07.433Z
Passes: 23
Violations: 3
--------------------------------------------------

Violations:

  1. color-contrast (serious)
     Ensure the contrast between foreground and background colors meets WCAG 2 AA minimum contrast ratio thresholds
     Help: https://dequeuniversity.com/rules/axe/4.11/color-contrast?application=axeAPI
     Affected elements: 1
       - <p>Focused pages for Selenium flows + automated accessibility scans.</p>

  2. html-has-lang (serious)
     Ensure every HTML document has a lang attribute
     Help: https://dequeuniversity.com/rules/axe/4.11/html-has-lang?application=axeAPI
     Affected elements: 1
       - <html>

  3. image-alt (critical)
     Ensure <img> elements have alternative text or a role of none or presentation
     Help: https://dequeuniversity.com/rules/axe/4.11/image-alt?application=axeAPI
     Affected elements: 1
       - <img src="/img/partners-banner.png" width="320">
==================================================
  📄 Report saved to C:\Users\ayand\Desktop\Projects\Aegis\reports\accessibility-report.json
  📸 Screenshot saved to C:\Users\ayand\Desktop\Projects\Aegis\screenshots\_home.png

🔐 LOGIN PAGE TEST
────────────────────────────────────────
  → Navigating to homepage...
  → Clicking 'Sign in' link...
  ✓ Login page loaded
  ✓ Login form elements found
  → Filling login form...
  ✓ Form filled with test credentials
  → Running accessibility scan...

==================================================
Accessibility Test Results
--------------------------------------------------
Page: /login
Scanned: 2026-03-11T17:53:08.913Z
Passes: 20
Violations: 5
--------------------------------------------------

Violations:

  1. color-contrast (serious)
     Ensure the contrast between foreground and background colors meets WCAG 2 AA minimum contrast ratio thresholds
     Help: https://dequeuniversity.com/rules/axe/4.11/color-contrast?application=axeAPI
     Affected elements: 1
       - <p class="subtitle">Use this form to validate Selenium + a11y checks.</p>

  2. html-has-lang (serious)
     Ensure every HTML document has a lang attribute
     Help: https://dequeuniversity.com/rules/axe/4.11/html-has-lang?application=axeAPI
     Affected elements: 1
       - <html>

  3. image-alt (critical)
     Ensure <img> elements have alternative text or a role of none or presentation
     Help: https://dequeuniversity.com/rules/axe/4.11/image-alt?application=axeAPI
     Affected elements: 1
       - <img src="/img/login-illustration.png" class="login-banner" width="64" height="64">

  4. landmark-one-main (moderate)
     Ensure the document has a main landmark
     Help: https://dequeuniversity.com/rules/axe/4.11/landmark-one-main?application=axeAPI
     Affected elements: 1
       - <html>

  5. region (moderate)
     Ensure all page content is contained by landmarks
     Help: https://dequeuniversity.com/rules/axe/4.11/region?application=axeAPI
     Affected elements: 7
       - <img src="/img/login-illustration.png" class="login-banner" width="64" height="64">
       - <h1>Sign in</h1>
       - <p class="subtitle">Use this form to validate Selenium + a11y checks.</p>
       - <div class="form-group">
          <input type="email" name="email" id="email" placeholder="Email ad
       - <div class="form-group">
          <input type="password" name="password" id="password" placeholder=
       - <div class="form-options">
          <label><input type="checkbox"> Remember me</label>
          <a
       - <p class="signup-link">Need access? <a href="/contact">Request demo</a></p>
==================================================
  📄 Report saved to C:\Users\ayand\Desktop\Projects\Aegis\reports\accessibility-report.json
  📸 Screenshot saved to C:\Users\ayand\Desktop\Projects\Aegis\screenshots\_login.png
  → Submitting login form...
  ✓ Form submitted

📬 CONTACT PAGE TEST
────────────────────────────────────────
  → Navigating to contact page...
  ✓ Contact page loaded
  ✓ Contact form elements found
  → Filling contact form...
  ✓ Form filled with test data
  → Running accessibility scan...

==================================================
Accessibility Test Results
--------------------------------------------------
Page: /contact
Scanned: 2026-03-11T17:53:11.499Z
Passes: 29
Violations: 0
--------------------------------------------------
  ✓ No accessibility violations found!
==================================================
  📄 Report saved to C:\Users\ayand\Desktop\Projects\Aegis\reports\accessibility-report.json
  📸 Screenshot saved to C:\Users\ayand\Desktop\Projects\Aegis\screenshots\_contact.png
  → Submitting contact form...
  ✓ Form submitted


╔══════════════════════════════════════════════════╗
║              TEST SUMMARY                        ║
╠══════════════════════════════════════════════════╣
║  ✗ FAIL  /home        Violations: 3    ║
║  ✗ FAIL  /login       Violations: 5    ║
║  ✓ PASS  /contact     Violations: 0    ║
╠══════════════════════════════════════════════════╣
║  Total Accessibility Violations: 8                ║
╚══════════════════════════════════════════════════╝

📁 Reports saved to:    ./reports/accessibility-report.json
📝 Test log saved to:   ./reports/test-run.log
📊 Dashboard saved to:  ./reports/report.html
📚 Run archive saved:   ./reports/history/20260311-232304
📸 Screenshots saved to: ./screenshots/

❌ Some tests failed.
